// Jest Snapshot v1, https://goo.gl/fbAQLP

exports[`UsersList rendering renders connected 1`] = `ShallowWrapper {}`;

exports[`UsersList rendering renders connected 2`] = `ShallowWrapper {}`;

exports[`UsersList rendering renders unconnected 1`] = `ShallowWrapper {}`;
